  double          R64_2d    {4, 5} = 0 / 19
  string          name      attr   = "TestUtilsCWrite"
  int             nproc     scalar = 1
  int             nwriters  attr   = 1
  unsigned short  shape2D   attr   = {4, 5}
  short           varI16    {10} = -510 / 521
  int             varI32    {10} = -131070 / 131081
  signed char     varI8     {10} = -8 / 9
  float           varR32    {10} = 0 / 9
  double          varR64    {10} = 0 / 9
  unsigned short  varU16    {10} = 32768 / 32777
  unsigned int    varU32    {10} = 2147483648 / 2147483657
  unsigned char   varU8     {10} = 128 / 137
