  string          name      attr   = "TestUtilsCWrite"
  int             nwriters  attr   = 1
  unsigned short  shape2D   attr   = {4, 5}
